
> portfolio@0.1.0 build
> CI=false react-scripts build

npm : 'CI' is not 
recognized as an 
internal or external 
command,
At line:1 char:1
+ npm run build 2>&1 | 
Out-File -FilePath 
build_error.log; 
Get-Content  ...
+ ~~~~~~~~~~~~~~~~~~
    + CategoryInfo     
         : NotSpecifi  
  ed: ('CI' is not r   
 ec...ternal comman    
d,:String) [], Rem    
oteException
    + FullyQualifiedEr 
   rorId : NativeComm  
  andError
 
operable program or 
batch file.
